// Jest Snapshot v1, https://goo.gl/fbAQLP

exports[`App renders correctly 1`] = `
<DocumentFragment>
  <div
    class="App"
  >
    <img
      alt="NASAlogo"
      class="nasa-logo"
      data-testid="logo-id"
      src="nasa-icon-png-7.png"
    />
    <div
      class="Search"
    >
      <form
        class="input-form"
      >
        <label>
          Search:
          <input
            class="search-text"
            type="text"
          />
        </label>
        <button
          class="search-button"
          type="submit"
        >
          Go
        </button>
      </form>
    </div>
    <div
      class="search-results"
    >
      <div>
        <h2
          class="results-text"
        >
          No results yet.
        </h2>
      </div>
    </div>
  </div>
</DocumentFragment>
`;
