// Jest Snapshot v1, https://goo.gl/fbAQLP

exports[`SearchResults renders correctly 1`] = `
<DocumentFragment>
  <div
    class="Search"
  >
    <form
      class="input-form"
    >
      <label>
        Search:
        <input
          class="search-text"
          type="text"
        />
      </label>
      <button
        class="search-button"
        type="submit"
      >
        Go
      </button>
    </form>
  </div>
</DocumentFragment>
`;
